// Jest Snapshot v1, https://goo.gl/fbAQLP

exports[`Footer component it matches snapshot 1`] = `ShallowWrapper {}`;
