// Jest Snapshot v1, https://goo.gl/fbAQLP

exports[`FourOhFour component it matches snapshot 1`] = `ShallowWrapper {}`;
